// Jest Snapshot v1, https://goo.gl/fbAQLP

exports[`Techtronix component should render component 1`] = `
<div
  className="card"
>
  <img
    className="card-image"
    src="http:image-hp-test.com"
  />
  <div
    className="card-content"
  >
    <div
      className="item-description__wrapper"
    >
      <p
        className="item-brand"
      >
        Hp
      </p>
      <p
        className="item-model"
      >
        test model
      </p>
    </div>
    <p
      className="item-price"
    >
      110
       €
    </p>
  </div>
  <div
    className="card-footer"
  >
    <div
      className="card-footer-content"
    >
      <button
        className="card-button"
        disabled={false}
      >
        Agregar al carro
      </button>
    </div>
  </div>
</div>
`;
